
> vite_react_shadcn_ts@0.0.0 build
> next build

node.exe : 
At line:1 char:1
+ & "C:\Program 
Files\nodejs/node.exe" 
"C:\Program Files\nodejs/node_mo 
...
+ ~~~~~~~~~~~~~~~~~~~~~~~~~~~~~~~~
~~~~~~~~~~~~~~~~~~~~~~~~~~~~~~~~~~
~~~
    + CategoryInfo          : Not 
   Specified: (:String) [], Remo  
  teException
    + FullyQualifiedErrorId : Nat 
   iveCommandError
 
> Build error occurred
Error: Configuring Next.js via 
'next.config.ts' is not 
supported. Please replace the 
file with 'next.config.js' or 
'next.config.mjs'.
    at loadConfig (E:\tilawanow\Ti
lawaNow---Quran\node_modules\next\
dist\server\config.js:800:19)
    at async Span.traceAsyncFn (E:
\tilawanow\TilawaNow---Quran\node_
modules\next\dist\trace\trace.js:1
54:20)
    at async E:\tilawanow\TilawaNo
w---Quran\node_modules\next\dist\b
uild\index.js:374:28
    at async Span.traceAsyncFn (E:
\tilawanow\TilawaNow---Quran\node_
modules\next\dist\trace\trace.js:1
54:20)
    at async build (E:\tilawanow\T
ilawaNow---Quran\node_modules\next
\dist\build\index.js:368:9)
